\BOOKMARK [1][-]{section.1}{\376\377\006\105\006\102\006\057\006\105\006\107\000\040\006\110\000\040\006\065\006\110\006\061\006\052\000\040\006\105\006\063\006\046\006\104\006\107}{}% 1
\BOOKMARK [2][-]{subsection.1.1}{\376\377\006\062\006\105\006\314\006\106\006\107\000\040\006\110\000\040\006\047\006\106\006\257\006\314\006\062\006\107\000\040\006\176\006\230\006\110\006\107\006\064}{section.1}% 2
\BOOKMARK [2][-]{subsection.1.2}{\376\377\006\065\006\110\006\061\006\052\000\040\006\105\006\063\006\046\006\104\006\107\000\040\006\110\000\040\006\206\006\047\006\104\006\064\040\014\006\107\006\047\006\314\000\040\006\105\006\057\006\104\040\014\006\107\006\047\006\314\000\040\006\057\006\047\006\057\006\107\040\014\006\105\006\055\006\110\006\061}{section.1}% 3
\BOOKMARK [2][-]{subsection.1.3}{\376\377\006\061\006\110\006\314\006\251\006\061\006\057\000\040\006\063\006\314\006\063\006\052\006\105\000:\000\040\006\047\006\061\006\052\006\102\006\047\000\040\006\052\006\047\000\040\006\105\006\061\006\062\000\040\006\101\006\314\006\062\006\314\006\251}{section.1}% 4
\BOOKMARK [1][-]{section.2}{\376\377\006\106\006\105\006\047\006\314\000\040\006\251\006\104\006\314\000\040\006\063\006\047\006\105\006\047\006\106\006\107}{}% 5
\BOOKMARK [1][-]{section.3}{\376\377\006\047\006\104\006\062\006\047\006\105\006\047\006\052\000\040\006\063\006\314\006\063\006\052\006\105\000\040\000\050\000S\000y\000s\000t\000e\000m\000\040\000R\000e\000q\000u\000i\000r\000e\000m\000e\000n\000t\000s\000\051}{}% 6
\BOOKMARK [2][-]{subsection.3.1}{\376\377\006\047\006\104\006\062\006\047\006\105\006\047\006\052\000\040\006\071\006\105\006\104\006\251\006\061\006\057\006\314\000\040\000\050\000F\000u\000n\000c\000t\000i\000o\000n\000a\000l\000\040\000R\000e\000q\000u\000i\000r\000e\000m\000e\000n\000t\000s\000\051}{section.3}% 7
\BOOKMARK [2][-]{subsection.3.2}{\376\377\006\047\006\104\006\062\006\047\006\105\006\047\006\052\000\040\006\072\006\314\006\061\006\071\006\105\006\104\006\251\006\061\006\057\006\314\000\040\000\050\000N\000o\000n\000-\000F\000u\000n\000c\000t\000i\000o\000n\000a\000l\000\040\000R\000e\000q\000u\000i\000r\000e\000m\000e\000n\000t\000s\000\051}{section.3}% 8
\BOOKMARK [1][-]{section.4}{\376\377\006\105\006\057\006\104\000\040\006\057\006\047\006\057\006\107\000\040\006\110\000\040\006\105\006\107\006\106\006\057\006\063\006\314\000\040\006\110\006\314\006\230\006\257\006\314}{}% 9
\BOOKMARK [2][-]{subsection.4.1}{\376\377\006\176\006\047\006\251\040\014\006\063\006\047\006\062\006\314\000\040\006\176\006\314\006\064\006\061\006\101\006\052\006\107\000\040\006\110\000\040\006\055\006\060\006\101\000\040\006\106\006\110\006\314\006\062}{section.4}% 10
\BOOKMARK [2][-]{subsection.4.2}{\376\377\006\102\006\314\006\110\006\057\000\040\006\101\006\314\006\062\006\314\006\251\006\314\000\040\006\110\000\040\006\064\006\047\006\056\006\065\040\014\006\107\006\047\006\314\000\040\006\047\006\102\006\104\006\314\006\105\006\314}{section.4}% 11
\BOOKMARK [2][-]{subsection.4.3}{\376\377\006\061\006\314\006\047\006\066\006\314\006\047\006\052\000\040\006\105\006\052\006\072\006\314\006\061\006\107\006\047\000\040\006\110\000\040\006\061\006\105\006\062\006\257\006\060\006\047\006\061\006\314\000\040\006\062\006\105\006\047\006\106\006\314}{section.4}% 12
\BOOKMARK [1][-]{section.5}{\376\377\006\061\006\110\006\064\040\014\006\064\006\106\006\047\006\063\006\314\000\040\006\110\000\040\006\047\006\104\006\257\006\110\006\061\006\314\006\052\006\105\040\014\006\107\006\047}{}% 13
\BOOKMARK [2][-]{subsection.5.1}{\376\377\006\206\006\061\006\047\000\040\006\047\006\104\006\257\006\110\006\061\006\314\006\052\006\105\040\014\006\107\006\047\006\314\000\040\006\057\006\061\006\056\006\052\006\314\006\037}{section.5}% 14
\BOOKMARK [2][-]{subsection.5.2}{\376\377\006\105\006\110\006\052\006\110\006\061\000\040\006\052\006\061\006\251\006\314\006\050\006\314\000\040\006\107\006\110\006\064\006\105\006\106\006\057}{section.5}% 15
\BOOKMARK [1][-]{section.6}{\376\377\006\047\006\063\006\052\006\061\006\047\006\052\006\230\006\314\000\040\006\047\006\071\006\052\006\050\006\047\006\061\006\063\006\106\006\054\006\314}{}% 16
\BOOKMARK [2][-]{subsection.6.1}{\376\377\006\061\006\110\006\064\000\040\006\052\006\102\006\063\006\314\006\105\000\040\006\105\006\052\006\110\006\047\006\104\006\314\000\040\006\110\000\040\006\176\006\106\006\054\006\061\006\107\000\040\006\104\006\072\006\062\006\047\006\106}{section.6}% 17
\BOOKMARK [2][-]{subsection.6.2}{\376\377\006\105\006\071\006\314\006\047\006\061\006\107\006\047\006\314\000\040\006\047\006\061\006\062\006\314\006\047\006\050\006\314\000\040\006\061\006\314\006\047\006\066\006\314}{section.6}% 18
\BOOKMARK [1][-]{section.7}{\376\377\006\052\006\055\006\104\006\314\006\104\000\040\006\106\006\052\006\047\006\314\006\054\000\040\006\110\000\040\006\064\006\110\006\047\006\107\006\057}{}% 19
\BOOKMARK [2][-]{subsection.7.1}{\376\377\006\176\006\047\006\061\006\047\006\057\006\110\006\251\006\063\000\040\006\057\006\102\006\052\000\040\006\057\006\061\000\040\006\251\006\110\006\052\006\047\006\107\040\014\006\105\006\057\006\052}{section.7}% 20
\BOOKMARK [2][-]{subsection.7.2}{\376\377\006\105\006\061\006\062\000\040\006\057\006\102\006\052\000\040\006\105\006\057\006\104\040\014\006\107\006\047\006\314\000\040\006\057\006\047\006\057\006\107\040\014\006\105\006\055\006\110\006\061\000\040\006\110\000\040\006\066\006\061\006\110\006\061\006\052\000\040\006\105\006\057\006\104\040\014\006\107\006\047\006\314\000\040\000N\000W\000P}{section.7}% 21
\BOOKMARK [1][-]{section.8}{\376\377\006\176\006\314\006\064\006\106\006\107\006\047\006\057\006\047\006\052\000\040\006\110\000\040\006\054\006\107\006\052\040\014\006\257\006\314\006\061\006\314\040\014\006\107\006\047\006\314\000\040\006\042\006\314\006\106\006\057\006\107}{}% 22
